ADDR      HEX        BINARY (bit 31 ................................ bit 0)   SOURCE
00000000  00000417   00000000000000000000010000010111   la   s0, array
00000004  08840413   00001000100001000000010000010011     (expansion)
00000008  00a00493   00000000101000000000010010010011   li   s1, 10              # n
0000000c  00000293   00000000000000000000001010010011   li   t0, 0               # swapped = 0
00000010  00100313   00000000000100000000001100010011   li   t1, 1               # i = 1
00000014  02935663   00000010100100110101011001100011   bge  t1, s1, inner_done
00000018  00331393   00000000001100110001001110010011   slli t2, t1, 3           # byte offset = i * 8
0000001c  007403b3   00000000011101000000001110110011   add  t2, s0, t2
00000020  ff83be03   11111111100000111011111000000011   ld   t3, -8(t2)          # array[i-1]
00000024  0003be83   00000000000000111011111010000011   ld   t4, 0(t2)           # array[i]
00000028  01ced863   00000001110011101101100001100011   ble  t3, t4, no_swap
0000002c  ffd3bc23   11111111110100111011110000100011   sd   t4, -8(t2)
00000030  01c3b023   00000001110000111011000000100011   sd   t3, 0(t2)
00000034  00100293   00000000000100000000001010010011   li   t0, 1
00000038  00130313   00000000000100110000001100010011   addi t1, t1, 1
0000003c  fd9ff06f   11111101100111111111000001101111   j    inner
00000040  fc0296e3   11111100000000101001011011100011   bnez t0, outer
00000044  00100513   00000000000100000000010100010011   li   a0, 1
00000048  00000593   00000000000000000000010110010011   li   a1, 0
0000004c  00000313   00000000000000000000001100010011   li   t1, 0
00000050  02935a63   00000010100100110101101001100011   bge  t1, s1, finished
00000054  00331393   00000000001100110001001110010011   slli t2, t1, 3
00000058  007403b3   00000000011101000000001110110011   add  t2, s0, t2
0000005c  0003be03   00000000000000111011111000000011   ld   t3, 0(t2)
00000060  00130f13   00000000000100110000111100010011   addi t5, t1, 1
00000064  03ee0fb3   00000011111011100000111110110011   mul  t6, t3, t5
00000068  01f585b3   00000001111101011000010110110011   add  a1, a1, t6          # checksum += (i+1) * array[i]
0000006c  00030863   00000000000000110000100001100011   beqz t1, next
00000070  ff83be83   11111111100000111011111010000011   ld   t4, -8(t2)
00000074  01de5463   00000001110111100101010001100011   ble  t4, t3, next
00000078  00000513   00000000000000000000010100010011   li   a0, 0               # out of order!
0000007c  00130313   00000000000100110000001100010011   addi t1, t1, 1
00000080  fd1ff06f   11111101000111111111000001101111   j    check
00000084  00000073   00000000000000000000000001110011   ecall
00000088  [80 data bytes] 2a 00 00 00 00 00 00 00 ...     .dword 42, -7, 19, 88, 0, 3, -50, 61, 19, 25
