ADDR      HEX        BINARY (bit 31 ................................ bit 0)   SOURCE
00002000  0000f137   00000000000000001111000100110111   li   sp, 0xF000          # stack grows down from here
00002004  01400513   00000001010000000000010100010011   li   a0, 20
00002008  00c000ef   00000000110000000000000011101111   call fact
0000200c  51e0d073   01010001111000001101000001110011   halt
00002010  0000006f   00000000000000000000000001101111     (expansion)
00002014  00100293   00000000000100000000001010010011   li   t0, 1
00002018  02a2d663   00000010101000101101011001100011   ble  a0, t0, base        # n <= 1 -> return 1
0000201c  ff010113   11111111000000010000000100010011   addi sp, sp, -16         # push frame
00002020  00113423   00000000000100010011010000100011   sd   ra, 8(sp)
00002024  00a13023   00000000101000010011000000100011   sd   a0, 0(sp)
00002028  fff50513   11111111111101010000010100010011   addi a0, a0, -1
0000202c  fe9ff0ef   11111110100111111111000011101111   call fact                # a0 = fact(n-1)
00002030  00013303   00000000000000010011001100000011   ld   t1, 0(sp)           # t1 = n
00002034  00813083   00000000100000010011000010000011   ld   ra, 8(sp)
00002038  01010113   00000001000000010000000100010011   addi sp, sp, 16          # pop frame
0000203c  02650533   00000010011001010000010100110011   mul  a0, a0, t1          # n * fact(n-1)
00002040  00008067   00000000000000001000000001100111   ret
00002044  00100513   00000000000100000000010100010011   li   a0, 1
00002048  00008067   00000000000000001000000001100111   ret
