ADDR      HEX        BINARY (bit 31 ................................ bit 0)   SOURCE
00002000  00000417   00000000000000000000010000010111   la   s0, sieve           # sieve[i] = 1 means "i is composite"
00002004  07040413   00000111000001000000010000010011     (expansion)
00002008  3e800493   00111110100000000000010010010011   li   s1, 1000            # N
0000200c  00200293   00000000001000000000001010010011   li   t0, 2               # p = 2
00002010  02528333   00000010010100101000001100110011   mul  t1, t0, t0          # p*p
00002014  02935863   00000010100100110101100001100011   bge  t1, s1, count
00002018  005403b3   00000000010101000000001110110011   add  t2, s0, t0
0000201c  0003ce03   00000000000000111100111000000011   lbu  t3, 0(t2)
00002020  000e1e63   00000000000011100001111001100011   bnez t3, next_p          # p already composite
00002024  00935c63   00000000100100110101110001100011   bge  t1, s1, next_p
00002028  006403b3   00000000011001000000001110110011   add  t2, s0, t1
0000202c  00100e13   00000000000100000000111000010011   li   t3, 1
00002030  01c38023   00000001110000111000000000100011   sb   t3, 0(t2)
00002034  00530333   00000000010100110000001100110011   add  t1, t1, t0          # j += p
00002038  fedff06f   11111110110111111111000001101111   j    mark
0000203c  00128293   00000000000100101000001010010011   addi t0, t0, 1
00002040  fd1ff06f   11111101000111111111000001101111   j    outer
00002044  00000513   00000000000000000000010100010011   li   a0, 0
00002048  00200293   00000000001000000000001010010011   li   t0, 2
0000204c  0092de63   00000000100100101101111001100011   bge  t0, s1, done
00002050  005403b3   00000000010101000000001110110011   add  t2, s0, t0
00002054  0003ce03   00000000000000111100111000000011   lbu  t3, 0(t2)
00002058  000e1463   00000000000011100001010001100011   bnez t3, skip
0000205c  00150513   00000000000101010000010100010011   addi a0, a0, 1
00002060  00128293   00000000000100101000001010010011   addi t0, t0, 1
00002064  fe9ff06f   11111110100111111111000001101111   j    count_loop
00002068  51e0d073   01010001111000001101000001110011   halt
0000206c  0000006f   00000000000000000000000001101111     (expansion)
00002070  [1000 data bytes] 00 00 00 00 00 00 00 00 ...     .zero 1000
