ADDR      HEX        BINARY (bit 31 ................................ bit 0)   SOURCE
00000000  0000f137   00000000000000001111000100110111   li   sp, 0xF000
00000004  100009b7   00010000000000000000100110110111   li   s3, 0x10000000      # putchar
00000008  00000413   00000000000000000000010000010011   li   s0, 0               # a = 0
0000000c  00100493   00000000000100000000010010010011   li   s1, 1               # b = 1
00000010  00000913   00000000000000000000100100010011   li   s2, 0               # count
00000014  01000a13   00000001000000000000101000010011   li   s4, 16              # how many to print
00000018  00040513   00000000000001000000010100010011   mv   a0, s0
0000001c  030000ef   00000011000000000000000011101111   call print_u64
00000020  009402b3   00000000100101000000001010110011   add  t0, s0, s1
00000024  00048413   00000000000001001000010000010011   mv   s0, s1
00000028  00028493   00000000000000101000010010010011   mv   s1, t0
0000002c  00190913   00000000000110010000100100010011   addi s2, s2, 1
00000030  02000313   00000010000000000000001100010011   li   t1, ' '
00000034  00a00393   00000000101000000000001110010011   li   t2, '\n'
00000038  01491463   00000001010010010001010001100011   bne  s2, s4, sep
0000003c  00038313   00000000000000111000001100010011   mv   t1, t2
00000040  00698023   00000000011010011000000000100011   sb   t1, 0(s3)
00000044  fd491ae3   11111101010010010001101011100011   bne  s2, s4, next
00000048  00000073   00000000000000000000000001110011   ecall
0000004c  fe010e13   11111110000000010000111000010011   addi t3, sp, -32         # t3 = end of a scratch buffer below the stack
00000050  000e0e93   00000000000011100000111010010011   mv   t4, t3
00000054  00a00f13   00000000101000000000111100010011   li   t5, 10
00000058  03e57fb3   00000011111001010111111110110011   remu t6, a0, t5          # t6 = a0 % 10
0000005c  03e55533   00000011111001010101010100110011   divu a0, a0, t5          # a0 = a0 / 10
00000060  030f8f93   00000011000011111000111110010011   addi t6, t6, '0'
00000064  fffe8e93   11111111111111101000111010010011   addi t4, t4, -1
00000068  01fe8023   00000001111111101000000000100011   sb   t6, 0(t4)
0000006c  fe0516e3   11111110000001010001011011100011   bnez a0, digit
00000070  000ecf83   00000000000011101100111110000011   lbu  t6, 0(t4)
00000074  01f98023   00000001111110011000000000100011   sb   t6, 0(s3)
00000078  001e8e93   00000000000111101000111010010011   addi t4, t4, 1
0000007c  ffce9ae3   11111111110011101001101011100011   bne  t4, t3, out
00000080  00008067   00000000000000001000000001100111   ret
