ADDR      HEX        BINARY (bit 31 ................................ bit 0)   SOURCE
00002000  01400293   00000001010000000000001010010011   li   t0, 20              # loop 20 times
00002004  00000313   00000000000000000000001100010011   li   t1, 0
00002008  00000013   00000000000000000000000000010011   nop                      # let earlier bubbles drain before the first read
0000200c  00000013   00000000000000000000000000010011   nop
00002010  00000013   00000000000000000000000000010011   nop
00002014  c0002473   11000000000000000010010001110011   rdcycle   s0             # start the stopwatch
00002018  c02024f3   11000000001000000010010011110011   rdinstret s1
0000201c  00330313   00000000001100110000001100010011   addi t1, t1, 3           # 4 instructions per iteration
00002020  00534393   00000000010100110100001110010011   xori t2, t1, 5
00002024  fff28293   11111111111100101000001010010011   addi t0, t0, -1
00002028  fe029ae3   11111110000000101001101011100011   bnez t0, loop
0000202c  c0002973   11000000000000000010100101110011   rdcycle   s2             # stop the stopwatch
00002030  c02029f3   11000000001000000010100111110011   rdinstret s3
00002034  40890533   01000000100010010000010100110011   sub  a0, s2, s0          # cycles
00002038  409985b3   01000000100110011000010110110011   sub  a1, s3, s1          # instructions
0000203c  06400e13   00000110010000000000111000010011   li   t3, 100
00002040  03c50633   00000011110001010000011000110011   mul  a2, a0, t3
00002044  02b65633   00000010101101100101011000110011   divu a2, a2, a1          # CPI x 100
00002048  51e0d073   01010001111000001101000001110011   halt
0000204c  0000006f   00000000000000000000000001101111     (expansion)
