ADDR      HEX        BINARY (bit 31 ................................ bit 0)   SOURCE
00002000  0000f137   00000000000000001111000100110111   li   sp, 0xF000
00002004  00000a13   00000000000000000000101000010011   li   s4, 0               # sum of squares (called version)
00002008  00800a93   00000000100000000000101010010011   li   s5, 8
0000200c  00100513   00000000000100000000010100010011   li   a0, 1
00002010  074000ef   00000111010000000000000011101111   call square              # warm-up call: brings square() into the instruction cache
00002014  00000013   00000000000000000000000000010011   nop
00002018  00000013   00000000000000000000000000010011   nop
0000201c  00000013   00000000000000000000000000010011   nop
00002020  c0002473   11000000000000000010010001110011   rdcycle s0
00002024  000a8513   00000000000010101000010100010011   mv   a0, s5
00002028  05c000ef   00000101110000000000000011101111   call square              # jal ra, square
0000202c  00aa0a33   00000000101010100000101000110011   add  s4, s4, a0
00002030  fffa8a93   11111111111110101000101010010011   addi s5, s5, -1
00002034  fe0a98e3   11111110000010101001100011100011   bnez s5, call_loop
00002038  c00024f3   11000000000000000010010011110011   rdcycle s1
0000203c  00000b13   00000000000000000000101100010011   li   s6, 0               # sum of squares (inline version)
00002040  00800a93   00000000100000000000101010010011   li   s5, 8
00002044  00000013   00000000000000000000000000010011   nop
00002048  00000013   00000000000000000000000000010011   nop
0000204c  00000013   00000000000000000000000000010011   nop
00002050  c0002973   11000000000000000010100101110011   rdcycle s2
00002054  035a82b3   00000011010110101000001010110011   mul  t0, s5, s5
00002058  005b0b33   00000000010110110000101100110011   add  s6, s6, t0
0000205c  fffa8a93   11111111111110101000101010010011   addi s5, s5, -1
00002060  fe0a9ae3   11111110000010101001101011100011   bnez s5, inline_loop
00002064  c00029f3   11000000000000000010100111110011   rdcycle s3
00002068  000a0693   00000000000010100000011010010011   mv   a3, s4              # 1+4+9+...+64 = 204
0000206c  000b0713   00000000000010110000011100010011   mv   a4, s6
00002070  40848533   01000000100001001000010100110011   sub  a0, s1, s0
00002074  412985b3   01000001001010011000010110110011   sub  a1, s3, s2
00002078  40b50633   01000000101101010000011000110011   sub  a2, a0, a1
0000207c  51e0d073   01010001111000001101000001110011   halt
00002080  0000006f   00000000000000000000000001101111     (expansion)
00002084  02a50533   00000010101001010000010100110011   mul  a0, a0, a0
00002088  00008067   00000000000000001000000001100111   ret                      # jalr x0, 0(ra): always a 3-bubble flush
