ADDR      HEX        BINARY (bit 31 ................................ bit 0)   SOURCE
00002000  00000417   00000000000000000000010000010111   la   s0, value
00002004  06040413   00000110000001000000010000010011     (expansion)
00002008  00200493   00000000001000000000010010010011   li   s1, 2               # two passes: the first warms both caches, the second is the one kept
0000200c  00000013   00000000000000000000000000010011   nop
00002010  00000013   00000000000000000000000000010011   nop
00002014  00000013   00000000000000000000000000010011   nop
00002018  c00023f3   11000000000000000010001111110011   rdcycle t2
0000201c  00043283   00000000000001000011001010000011   ld   t0, 0(s0)
00002020  00500613   00000000010100000000011000010011   addi a2, zero, 5         # false LOAD_STALL on the baseline: imm 5 sits where rs2 would be
00002024  c0002e73   11000000000000000010111001110011   rdcycle t3
00002028  00000013   00000000000000000000000000010011   nop
0000202c  00000013   00000000000000000000000000010011   nop
00002030  00000013   00000000000000000000000000010011   nop
00002034  c0002ef3   11000000000000000010111011110011   rdcycle t4
00002038  00043283   00000000000001000011001010000011   ld   t0, 0(s0)
0000203c  00600693   00000000011000000000011010010011   addi a3, zero, 6         # no stall
00002040  c0002f73   11000000000000000010111101110011   rdcycle t5
00002044  fff48493   11111111111101001000010010010011   addi s1, s1, -1
00002048  fc0492e3   11111100000001001001001011100011   bnez s1, pass
0000204c  407e0533   01000000011111100000010100110011   sub  a0, t3, t2
00002050  41df05b3   01000001110111110000010110110011   sub  a1, t5, t4
00002054  51e0d073   01010001111000001101000001110011   halt
00002058  0000006f   00000000000000000000000001101111     (expansion)
0000205c  [4 data bytes] 00 00 00 00                     .align 3
00002060  [8 data bytes] 2a 00 00 00 00 00 00 00         .dword 42
