ADDR      HEX        BINARY (bit 31 ................................ bit 0)   SOURCE
00002000  00000297   00000000000000000000001010010111   la   t0, kernel
00002004  04828293   00000100100000101000001010010011     (expansion)
00002008  30529073   00110000010100101001000001110011   csrw mtvec, t0           # traps go to "kernel"
0000200c  00000913   00000000000000000000100100010011   li   s2, 0               # number of system calls handled (counted by the kernel)
00002010  00100893   00000000000100000000100010010011   li   a7, 1               # service 1: print a character
00002014  04f00513   00000100111100000000010100010011   li   a0, 79              # 'O'
00002018  00000073   00000000000000000000000001110011   ecall
0000201c  04b00513   00000100101100000000010100010011   li   a0, 75              # 'K'
00002020  00000073   00000000000000000000000001110011   ecall
00002024  00a00513   00000000101000000000010100010011   li   a0, 10              # newline
00002028  00000073   00000000000000000000000001110011   ecall
0000202c  00200893   00000000001000000000100010010011   li   a7, 2               # service 2: add
00002030  02800513   00000010100000000000010100010011   li   a0, 40
00002034  00200593   00000000001000000000010110010011   li   a1, 2
00002038  00000073   00000000000000000000000001110011   ecall                    # a0 = 42
0000203c  342029f3   00110100001000000010100111110011   csrr s3, mcause          # 11: environment call
00002040  51e0d073   01010001111000001101000001110011   halt
00002044  0000006f   00000000000000000000000001101111     (expansion)
00002048  00190913   00000000000110010000100100010011   addi s2, s2, 1
0000204c  00100313   00000000000100000000001100010011   li   t1, 1
00002050  00688663   00000000011010001000011001100011   beq  a7, t1, print
00002054  00b50533   00000000101101010000010100110011   add  a0, a0, a1          # service 2
00002058  00c0006f   00000000110000000000000001101111   j    done
0000205c  100003b7   00010000000000000000001110110111   li   t2, 0x10000000      # memory-mapped character output
00002060  00a38023   00000000101000111000000000100011   sb   a0, 0(t2)
00002064  34102e73   00110100000100000010111001110011   csrr t3, mepc            # return to the instruction AFTER the ecall
00002068  004e0e13   00000000010011100000111000010011   addi t3, t3, 4
0000206c  341e1073   00110100000111100001000001110011   csrw mepc, t3
00002070  30200073   00110000001000000000000001110011   mret
