ADDR      HEX        BINARY (bit 31 ................................ bit 0)   SOURCE
00002000  00008437   00000000000000001000010000110111   li   s0, 0x8000          # array A
00002004  000094b7   00000000000000001001010010110111   li   s1, 0x8800          # array B: same sets as A (2 KiB apart)
00002008  8004849b   10000000000001001000010010011011     (expansion)
0000200c  00009937   00000000000000001001100100110111   li   s2, 0x9000          # array C: same sets again
00002010  00000013   00000000000000000000000000010011   nop
00002014  00000013   00000000000000000000000000010011   nop
00002018  00000013   00000000000000000000000000010011   nop
0000201c  c0002f73   11000000000000000010111101110011   rdcycle t5
00002020  00400293   00000000010000000000001010010011   li   t0, 4               # loop A: 4 passes, 2 arrays
00002024  00000313   00000000000000000000001100010011   li   t1, 0
00002028  006403b3   00000000011001000000001110110011   add  t2, s0, t1
0000202c  0003be03   00000000000000111011111000000011   ld   t3, 0(t2)
00002030  006483b3   00000000011001001000001110110011   add  t2, s1, t1
00002034  0003be03   00000000000000111011111000000011   ld   t3, 0(t2)
00002038  02030313   00000010000000110000001100010011   addi t1, t1, 32          # next line (32 bytes)
0000203c  04000e93   00000100000000000000111010010011   li   t4, 64
00002040  ffd344e3   11111111110100110100010011100011   blt  t1, t4, lineA       # 2 lines per array
00002044  fff28293   11111111111100101000001010010011   addi t0, t0, -1
00002048  fc029ee3   11111100000000101001111011100011   bnez t0, passA
0000204c  c0002ff3   11000000000000000010111111110011   rdcycle t6
00002050  41ef8533   01000001111011111000010100110011   sub  a0, t6, t5          # cycles for loop A
00002054  00000013   00000000000000000000000000010011   nop
00002058  00000013   00000000000000000000000000010011   nop
0000205c  00000013   00000000000000000000000000010011   nop
00002060  c0002f73   11000000000000000010111101110011   rdcycle t5
00002064  00400293   00000000010000000000001010010011   li   t0, 4               # loop B: 4 passes, 3 arrays
00002068  00000313   00000000000000000000001100010011   li   t1, 0
0000206c  006403b3   00000000011001000000001110110011   add  t2, s0, t1
00002070  0003be03   00000000000000111011111000000011   ld   t3, 0(t2)
00002074  006483b3   00000000011001001000001110110011   add  t2, s1, t1
00002078  0003be03   00000000000000111011111000000011   ld   t3, 0(t2)
0000207c  006903b3   00000000011010010000001110110011   add  t2, s2, t1
00002080  0003be03   00000000000000111011111000000011   ld   t3, 0(t2)
00002084  02030313   00000010000000110000001100010011   addi t1, t1, 32
00002088  04000e93   00000100000000000000111010010011   li   t4, 64
0000208c  ffd340e3   11111111110100110100000011100011   blt  t1, t4, lineB
00002090  fff28293   11111111111100101000001010010011   addi t0, t0, -1
00002094  fc029ae3   11111100000000101001101011100011   bnez t0, passB
00002098  c0002ff3   11000000000000000010111111110011   rdcycle t6
0000209c  41ef85b3   01000001111011111000010110110011   sub  a1, t6, t5          # cycles for loop B
000020a0  51e0d073   01010001111000001101000001110011   halt
000020a4  0000006f   00000000000000000000000001101111     (expansion)
