ADDR      HEX        BINARY (bit 31 ................................ bit 0)   SOURCE
00002000  12c00413   00010010110000000000010000010011   li   s0, 300             # iterations
00002004  00000493   00000000000000000000010010010011   li   s1, 0               # i mod 7
00002008  00000913   00000000000000000000100100010011   li   s2, 0               # i mod 3
0000200c  00000513   00000000000000000000010100010011   li   a0, 0               # a checksum of the paths taken
00002010  00300293   00000000001100000000001010010011   li   t0, 3
00002014  0054c463   00000000010101001100010001100011   blt  s1, t0, b1_taken    # b1: taken when i mod 7 < 3
00002018  00150513   00000000000101010000010100010011   addi a0, a0, 1
0000201c  00091463   00000000000010010001010001100011   bnez s2, b2_taken        # b2: taken when i mod 3 != 0
00002020  00250513   00000000001001010000010100010011   addi a0, a0, 2
00002024  0034a313   00000000001101001010001100010011   slti t1, s1, 3           # t1 = b1's direction
00002028  00193393   00000000000110010011001110010011   sltiu t2, s2, 1          # t2 = 1 when i mod 3 == 0 (b2 NOT taken)
0000202c  0013c393   00000000000100111100001110010011   xori t2, t2, 1           # t2 = b2's direction
00002030  00730463   00000000011100110000010001100011   beq  t1, t2, b3_taken    # b3: taken when b1 and b2 agreed
00002034  00450513   00000000010001010000010100010011   addi a0, a0, 4
00002038  00148493   00000000000101001000010010010011   addi s1, s1, 1
0000203c  00700293   00000000011100000000001010010011   li   t0, 7
00002040  00549463   00000000010101001001010001100011   bne  s1, t0, keep7
00002044  00000493   00000000000000000000010010010011   li   s1, 0
00002048  00190913   00000000000110010000100100010011   addi s2, s2, 1
0000204c  00300293   00000000001100000000001010010011   li   t0, 3
00002050  00591463   00000000010110010001010001100011   bne  s2, t0, keep3
00002054  00000913   00000000000000000000100100010011   li   s2, 0
00002058  fff40413   11111111111101000000010000010011   addi s0, s0, -1
0000205c  fa041ae3   11111010000001000001101011100011   bnez s0, loop
00002060  51e0d073   01010001111000001101000001110011   halt
00002064  0000006f   00000000000000000000000001101111     (expansion)
