ADDR      HEX        BINARY (bit 31 ................................ bit 0)   SOURCE
00002000  00092437   00000000000010010010010000110111   li   s0, 0x0123456789ABCDEF
00002004  a2b4041b   10100010101101000000010000011011     (expansion)
00002008  00c41413   00000000110001000001010000010011     (expansion)
0000200c  3c540413   00111100010101000000010000010011     (expansion)
00002010  00d41413   00000000110101000001010000010011     (expansion)
00002014  abd40413   10101011110101000000010000010011     (expansion)
00002018  00c41413   00000000110001000001010000010011     (expansion)
0000201c  def40413   11011110111101000000010000010011     (expansion)
00002020  00000013   00000000000000000000000000010011   nop
00002024  00000013   00000000000000000000000000010011   nop
00002028  00000013   00000000000000000000000000010011   nop
0000202c  c0002f73   11000000000000000010111101110011   rdcycle t5
00002030  00040293   00000000000001000000001010010011   mv   t0, s0
00002034  00000313   00000000000000000000001100010011   li   t1, 0               # count
00002038  04000393   00000100000000000000001110010011   li   t2, 64
0000203c  0012fe13   00000000000100101111111000010011   andi t3, t0, 1
00002040  01c30333   00000001110000110000001100110011   add  t1, t1, t3
00002044  0012d293   00000000000100101101001010010011   srli t0, t0, 1
00002048  fff38393   11111111111100111000001110010011   addi t2, t2, -1
0000204c  fe0398e3   11111110000000111001100011100011   bnez t2, pop_loop
00002050  c0002ff3   11000000000000000010111111110011   rdcycle t6
00002054  41ef8533   01000001111011111000010100110011   sub  a0, t6, t5          # a0 = cycles for the loop
00002058  00030493   00000000000000110000010010010011   mv   s1, t1
0000205c  c0002f73   11000000000000000010111101110011   rdcycle t5
00002060  60241313   01100000001001000001001100010011   cpop t1, s0
00002064  c0002ff3   11000000000000000010111111110011   rdcycle t6
00002068  41ef85b3   01000001111011111000010110110011   sub  a1, t6, t5          # a1 = cycles for cpop (the rdcycle pair itself costs a few)
0000206c  40930eb3   01000000100100110000111010110011   sub  t4, t1, s1
00002070  0c0e9263   00001100000011101001001001100011   bnez t4, fail            # both methods must agree
00002074  00030613   00000000000000110000011000010011   mv   a2, t1
00002078  00000917   00000000000000000000100100010111   la   s2, text
0000207c  0c890913   00001100100010010000100100010011     (expansion)
00002080  c0002f73   11000000000000000010111101110011   rdcycle t5
00002084  00090293   00000000000010010000001010010011   mv   t0, s2
00002088  0002c303   00000000000000101100001100000011   lbu  t1, 0(t0)
0000208c  00030663   00000000000000110000011001100011   beqz t1, byte_done
00002090  00128293   00000000000100101000001010010011   addi t0, t0, 1
00002094  ff5ff06f   11111111010111111111000001101111   j    byte_loop
00002098  412289b3   01000001001000101000100110110011   sub  s3, t0, s2
0000209c  c0002ff3   11000000000000000010111111110011   rdcycle t6
000020a0  41ef8733   01000001111011111000011100110011   sub  a4, t6, t5
000020a4  c0002f73   11000000000000000010111101110011   rdcycle t5
000020a8  00090293   00000000000010010000001010010011   mv   t0, s2
000020ac  0002b303   00000000000000101011001100000011   ld   t1, 0(t0)
000020b0  28735393   00101000011100110101001110010011   orc.b t2, t1             # 0xFF in every byte that is NOT zero
000020b4  fff3c393   11111111111100111100001110010011   not  t2, t2              # ... so now 0xFF marks the zero bytes
000020b8  00039663   00000000000000111001011001100011   bnez t2, word_found
000020bc  00828293   00000000100000101000001010010011   addi t0, t0, 8
000020c0  fedff06f   11111110110111111111000001101111   j    word_loop
000020c4  60139393   01100000000100111001001110010011   ctz  t2, t2              # bit position of the first zero byte (little-endian)
000020c8  0033d393   00000000001100111101001110010011   srli t2, t2, 3           # ... as a byte index
000020cc  412282b3   01000001001000101000001010110011   sub  t0, t0, s2
000020d0  007286b3   00000000011100101000011010110011   add  a3, t0, t2
000020d4  c0002ff3   11000000000000000010111111110011   rdcycle t6
000020d8  41ef87b3   01000001111011111000011110110011   sub  a5, t6, t5
000020dc  41368eb3   01000001001101101000111010110011   sub  t4, a3, s3
000020e0  040e9a63   00000100000011101001101001100011   bnez t4, fail
000020e4  00000297   00000000000000000000001010010111   la   t0, numbers
000020e8  08428293   00001000010000101000001010010011     (expansion)
000020ec  0002b803   00000000000000101011100000000011   ld   a6, 0(t0)
000020f0  00100313   00000000000100000000001100010011   li   t1, 1
000020f4  205363b3   00100000010100110110001110110011   sh3add t2, t1, t0        # t2 = numbers + t1 * 8
000020f8  0003be03   00000000000000111011111000000011   ld   t3, 0(t2)
000020fc  00130313   00000000000100110000001100010011   addi t1, t1, 1
00002100  0bc86833   00001011110010000110100000110011   max  a6, a6, t3
00002104  00800e93   00000000100000000000111010010011   li   t4, 8
00002108  ffd316e3   11111111110100110001011011100011   bne  t1, t4, max_loop
0000210c  00000893   00000000000000000000100010010011   li   a7, 0
00002110  00000313   00000000000000000000001100010011   li   t1, 0
00002114  205363b3   00100000010100110110001110110011   sh3add t2, t1, t0
00002118  0003be03   00000000000000111011111000000011   ld   t3, 0(t2)
0000211c  00130313   00000000000100110000001100010011   addi t1, t1, 1
00002120  01c888b3   00000001110010001000100010110011   add  a7, a7, t3
00002124  00800e93   00000000100000000000111010010011   li   t4, 8
00002128  ffd316e3   11111111110100110001011011100011   bne  t1, t4, sum_loop
0000212c  51e0d073   01010001111000001101000001110011   halt
00002130  0000006f   00000000000000000000000001101111     (expansion)
00002134  fff00613   11111111111100000000011000010011   li   a2, -1
00002138  51e0d073   01010001111000001101000001110011   halt
0000213c  0000006f   00000000000000000000000001101111     (expansion)
00002140  [23 data bytes] 53 69 78 66 6f 6c 64 2c ...     .string "Sixfold, a RISC-V CPU!"
00002157  [16 data bytes] 00 00 00 00 00 00 00 00 ...     .zero 16
00002167  [1 data byte] 00                              .align 3
00002168  [64 data bytes] 2a 00 00 00 00 00 00 00 ...     .dword 42, -7, 19, 88, 0, 3, -50, 109
