ADDR      HEX        BINARY (bit 31 ................................ bit 0)   SOURCE
00002000  00000297   00000000000000000000001010010111   la   t0, table
00002004  09828293   00001001100000101000001010010011     (expansion)
00002008  00000313   00000000000000000000001100010011   li   t1, 0               # i
0000200c  00000393   00000000000000000000001110010011   li   t2, 0               # sum
00002010  00c00f93   00000000110000000000111110010011   li   t6, 12
00002014  0002be03   00000000000000101011111000000011   ld   t3, 0(t0)           # a load used right away: 1 load-stall cycle
00002018  01c383b3   00000001110000111000001110110011   add  t2, t2, t3
0000201c  001e7e93   00000000000111100111111010010011   andi t4, t3, 1           # data-dependent branch: odd numbers skip the add below
00002020  000e9463   00000000000011101001010001100011   bnez t4, odd
00002024  06438393   00000110010000111000001110010011   addi t2, t2, 100
00002028  00828293   00000000100000101000001010010011   addi t0, t0, 8
0000202c  00130313   00000000000100110000001100010011   addi t1, t1, 1
00002030  fff312e3   11111111111100110001001011100011   bne  t1, t6, work
00002034  03f383b3   00000011111100111000001110110011   mul  t2, t2, t6          # the multiply/divide unit: K cycles
00002038  0263d3b3   00000010011000111101001110110011   divu t2, t2, t1
0000203c  c0002573   11000000000000000010010101110011   rdcycle    a0            # cycles since reset
00002040  c02025f3   11000000001000000010010111110011   rdinstret  a1            # instructions retired since reset (N)
00002044  c0302673   11000000001100000010011001110011   csrr a2, hpmcounter3     # L
00002048  c04026f3   11000000010000000010011011110011   csrr a3, hpmcounter4     # F
0000204c  c0502773   11000000010100000010011101110011   csrr a4, hpmcounter5     # R
00002050  c06027f3   11000000011000000010011111110011   csrr a5, hpmcounter6     # K
00002054  c0702873   11000000011100000010100001110011   csrr a6, hpmcounter7     # I
00002058  c08028f3   11000000100000000010100011110011   csrr a7, hpmcounter8     # D
0000205c  00558913   00000000010101011000100100010011   addi s2, a1, 5           # N + 5 (filling the empty pipeline)
00002060  00c90933   00000000110010010000100100110011   add  s2, s2, a2          # + L
00002064  00169e13   00000000000101101001111000010011   slli t3, a3, 1
00002068  00de0e33   00000000110111100000111000110011   add  t3, t3, a3          # 3F
0000206c  01c90933   00000001110010010000100100110011   add  s2, s2, t3
00002070  00e90933   00000000111010010000100100110011   add  s2, s2, a4
00002074  00f90933   00000000111110010000100100110011   add  s2, s2, a5
00002078  01090933   00000001000010010000100100110011   add  s2, s2, a6
0000207c  01190933   00000001000110010000100100110011   add  s2, s2, a7
00002080  41250e33   01000001001001010000111000110011   sub  t3, a0, s2          # how far apart are the two sides?
00002084  000e5463   00000000000011100101010001100011   bgez t3, positive
00002088  41c00e33   01000001110000000000111000110011   neg  t3, t3
0000208c  010e3993   00000001000011100011100110010011   sltiu s3, t3, 16         # s3 = 1: within the few in-flight cycles
00002090  51e0d073   01010001111000001101000001110011   halt
00002094  0000006f   00000000000000000000000001101111     (expansion)
00002098  [96 data bytes] 05 00 00 00 00 00 00 00 ...     .dword 5, 8, 13, 2, 7, 7, 10, 3, 21, 4, 4, 9
