ADDR      HEX        BINARY (bit 31 ................................ bit 0)   SOURCE
00002000  10000437   00010000000000000000010000110111   li   s0, 0x10000000      # the device registers
00002004  00000297   00000000000000000000001010010111   la   t0, message
00002008  09028293   00001001000000101000001010010011     (expansion)
0000200c  0002c303   00000000000000101100001100000011   lbu  t1, 0(t0)
00002010  00030863   00000000000000110000100001100011   beqz t1, printed
00002014  00640023   00000000011001000000000000100011   sb   t1, 0(s0)           # PUTCHAR
00002018  00128293   00000000000100101000001010010011   addi t0, t0, 1
0000201c  ff1ff06f   11111111000111111111000001101111   j    print
00002020  02843483   00000010100001000011010010000011   ld   s1, 0x28(s0)        # CLOCK: cycles per second (0 in simulation)
00002024  0034d493   00000000001101001101010010010011   srli s1, s1, 3           # one step every 1/8 second
00002028  00000913   00000000000000000000100100010011   li   s2, 0               # position of the light (0..7)
0000202c  00100993   00000000000100000000100110010011   li   s3, 1               # direction: +1 or -1
00002030  00000513   00000000000000000000010100010011   li   a0, 0               # steps
00002034  00000593   00000000000000000000010110010011   li   a1, 0               # visit parity mask
00002038  03000a13   00000011000000000000101000010011   li   s4, 48
0000203c  292012b3   00101001001000000001001010110011   bset t0, zero, s2        # t0 = 1 << position
00002040  28829293   00101000100000101001001010010011   bseti t0, t0, 8          # (bit 8 is not an LED: bclri removes it again, just to show both)
00002044  48829293   01001000100000101001001010010011   bclri t0, t0, 8
00002048  00543423   00000000010101000011010000100011   sd   t0, 0x08(s0)        # LEDS
0000204c  692595b3   01101001001001011001010110110011   binv a1, a1, s2          # flip this LED's parity bit
00002050  c0002373   11000000000000000010001101110011   rdcycle t1               # wait s1 cycles
00002054  009303b3   00000000100100110000001110110011   add  t2, t1, s1
00002058  c0002373   11000000000000000010001101110011   rdcycle t1
0000205c  fe736ee3   11111110011100110110111011100011   bltu t1, t2, wait
00002060  01043e03   00000001000001000011111000000011   ld   t3, 0x10(s0)        # BUTTONS
00002064  020e1063   00000010000011100001000001100011   bnez t3, stop
00002068  01390933   00000001001110010000100100110011   add  s2, s2, s3          # move, and bounce at both ends
0000206c  00090663   00000000000010010000011001100011   beqz s2, bounce
00002070  00700e93   00000000011100000000111010010011   li   t4, 7
00002074  01d91463   00000001110110010001010001100011   bne  s2, t4, moved
00002078  413009b3   01000001001100000000100110110011   neg  s3, s3
0000207c  00150513   00000000000101010000010100010011   addi a0, a0, 1
00002080  fb451ee3   11111011010001010001111011100011   bne  a0, s4, step
00002084  00043423   00000000000001000011010000100011   sd   zero, 0x08(s0)      # LEDs off
00002088  4835d613   01001000001101011101011000010011   bexti a2, a1, 3
0000208c  51e0d073   01010001111000001101000001110011   halt
00002090  0000006f   00000000000000000000000001101111     (expansion)
00002094  [37 data bytes] 4c 45 44 20 73 77 65 65 ...     .string "LED sweep: press any button to stop\n"
