ADDR      HEX        BINARY (bit 31 ................................ bit 0)   SOURCE
00002000  00000297   00000000000000000000001010010111   la   t0, handler
00002004  06828293   00000110100000101000001010010011     (expansion)
00002008  30529073   00110000010100101001000001110011   csrw mtvec, t0
0000200c  10000437   00010000000000000000010000110111   li   s0, DEVICES
00002010  00000493   00000000000000000000010010010011   li   s1, 0               # ticks
00002014  05843283   00000101100001000011001010000011   ld   t0, MTIME(s0)
00002018  19028293   00011001000000101000001010010011   addi t0, t0, PERIOD
0000201c  06543023   00000110010101000011000000100011   sd   t0, MTIMECMP(s0)    # first tick PERIOD cycles from now
00002020  08000293   00001000000000000000001010010011   li   t0, 0x80
00002024  30429073   00110000010000101001000001110011   csrw mie, t0             # mie.MTIE: the timer may interrupt
00002028  30046073   00110000000001000110000001110011   csrsi mstatus, 8         # mstatus.MIE: interrupts on
0000202c  00000513   00000000000000000000010100010011   li   a0, 0
00002030  00000313   00000000000000000000001100010011   li   t1, 0
00002034  000013b7   00000000000000000001001110110111   li   t2, 3000
00002038  bb83839b   10111011100000111000001110011011     (expansion)
0000203c  00130313   00000000000100110000001100010011   addi t1, t1, 1           # any of these can be the one the interrupt replaces
00002040  00650533   00000000011001010000010100110011   add  a0, a0, t1
00002044  fe734ce3   11111110011100110100110011100011   blt  t1, t2, loop
00002048  00248913   00000000001001001000100100010011   addi s2, s1, 2           # wait for two more ticks
0000204c  10500073   00010000010100000000000001110011   wfi                      # "nothing to do until an interrupt" (a nop here: the loop does the waiting)
00002050  ff24cee3   11111111001001001100111011100011   blt  s1, s2, sleep
00002054  30047073   00110000000001000111000001110011   csrci mstatus, 8         # interrupts off
00002058  00048593   00000000000001001000010110010011   mv   a1, s1
0000205c  c09026f3   11000000100100000010011011110011   csrr a3, hpmcounter9
00002060  51e0d073   01010001111000001101000001110011   halt
00002064  0000006f   00000000000000000000000001101111     (expansion)
00002068  00148493   00000000000101001000010010010011   addi s1, s1, 1
0000206c  34202673   00110100001000000010011001110011   csrr a2, mcause
00002070  06043e03   00000110000001000011111000000011   ld   t3, MTIMECMP(s0)
00002074  190e0e13   00011001000011100000111000010011   addi t3, t3, PERIOD      # next tick
00002078  07c43023   00000111110001000011000000100011   sd   t3, MTIMECMP(s0)
0000207c  30200073   00110000001000000000000001110011   mret                     # back to the replaced instruction
