ADDR      HEX        BINARY (bit 31 ................................ bit 0)   SOURCE
00002000  00000297   00000000000000000000001010010111   la   t0, trap_handler
00002004  0b028293   00001011000000101000001010010011     (expansion)
00002008  30529073   00110000010100101001000001110011   csrw mtvec, t0
0000200c  00000297   00000000000000000000001010010111   la   t0, tcb0
00002010  37428293   00110111010000101000001010010011     (expansion)
00002014  00000317   00000000000000000000001100010111   la   t1, task0
00002018  24430313   00100100010000110000001100010011     (expansion)
0000201c  0e62bc23   00001110011000101011110000100011   sd   t1, TCB_PC(t0)
00002020  0000e337   00000000000000001110001100110111   li   t1, 0xE000
00002024  0062b423   00000000011000101011010000100011   sd   t1, 8(t0)                # x2 = sp
00002028  00000317   00000000000000000000001100010111   la   t1, tcb1
0000202c  46830313   01000110100000110000001100010011     (expansion)
00002030  1062b423   00010000011000101011010000100011   sd   t1, TCB_NEXT(t0)
00002034  00000297   00000000000000000000001010010111   la   t0, tcb1
00002038  45c28293   01000101110000101000001010010011     (expansion)
0000203c  00000317   00000000000000000000001100010111   la   t1, task1
00002040  26830313   00100110100000110000001100010011     (expansion)
00002044  0e62bc23   00001110011000101011110000100011   sd   t1, TCB_PC(t0)
00002048  0000d337   00000000000000001101001100110111   li   t1, 0xD000
0000204c  0062b423   00000000011000101011010000100011   sd   t1, 8(t0)
00002050  00000317   00000000000000000000001100010111   la   t1, tcb2
00002054  55030313   01010101000000110000001100010011     (expansion)
00002058  1062b423   00010000011000101011010000100011   sd   t1, TCB_NEXT(t0)
0000205c  00000297   00000000000000000000001010010111   la   t0, tcb2
00002060  54428293   01010100010000101000001010010011     (expansion)
00002064  00000317   00000000000000000000001100010111   la   t1, task2
00002068  28030313   00101000000000110000001100010011     (expansion)
0000206c  0e62bc23   00001110011000101011110000100011   sd   t1, TCB_PC(t0)
00002070  0000c337   00000000000000001100001100110111   li   t1, 0xC000
00002074  0062b423   00000000011000101011010000100011   sd   t1, 8(t0)
00002078  00000317   00000000000000000000001100010111   la   t1, tcb0
0000207c  30830313   00110000100000110000001100010011     (expansion)
00002080  1062b423   00010000011000101011010000100011   sd   t1, TCB_NEXT(t0)
00002084  100002b7   00010000000000000000001010110111   li   t0, DEVICES
00002088  0582b303   00000101100000101011001100000011   ld   t1, MTIME(t0)
0000208c  25830313   00100101100000110000001100010011   addi t1, t1, QUANTUM
00002090  0662b023   00000110011000101011000000100011   sd   t1, MTIMECMP(t0)
00002094  08000313   00001000000000000000001100010011   li   t1, 0x80
00002098  30431073   00110000010000110001000001110011   csrw mie, t1                  # mie.MTIE
0000209c  00000f97   00000000000000000000111110010111   la   t6, tcb0
000020a0  2e4f8f93   00101110010011111000111110010011     (expansion)
000020a4  08000293   00001000000000000000001010010011   li   t0, 0x80
000020a8  3002a073   00110000000000101010000001110011   csrs mstatus, t0              # MPIE = 1, so interrupts are on inside the task
000020ac  0ec0006f   00001110110000000000000001101111   j    restore
000020b0  340f9ff3   00110100000011111001111111110011   csrrw t6, mscratch, t6        # t6 = this task's control block, mscratch = the task's t6
000020b4  001fb023   00000000000111111011000000100011   sd   x1, 0(t6)
000020b8  002fb423   00000000001011111011010000100011   sd   x2, 8(t6)
000020bc  003fb823   00000000001111111011100000100011   sd   x3, 16(t6)
000020c0  004fbc23   00000000010011111011110000100011   sd   x4, 24(t6)
000020c4  025fb023   00000010010111111011000000100011   sd   x5, 32(t6)
000020c8  026fb423   00000010011011111011010000100011   sd   x6, 40(t6)
000020cc  027fb823   00000010011111111011100000100011   sd   x7, 48(t6)
000020d0  028fbc23   00000010100011111011110000100011   sd   x8, 56(t6)
000020d4  049fb023   00000100100111111011000000100011   sd   x9, 64(t6)
000020d8  04afb423   00000100101011111011010000100011   sd   x10, 72(t6)
000020dc  04bfb823   00000100101111111011100000100011   sd   x11, 80(t6)
000020e0  04cfbc23   00000100110011111011110000100011   sd   x12, 88(t6)
000020e4  06dfb023   00000110110111111011000000100011   sd   x13, 96(t6)
000020e8  06efb423   00000110111011111011010000100011   sd   x14, 104(t6)
000020ec  06ffb823   00000110111111111011100000100011   sd   x15, 112(t6)
000020f0  070fbc23   00000111000011111011110000100011   sd   x16, 120(t6)
000020f4  091fb023   00001001000111111011000000100011   sd   x17, 128(t6)
000020f8  092fb423   00001001001011111011010000100011   sd   x18, 136(t6)
000020fc  093fb823   00001001001111111011100000100011   sd   x19, 144(t6)
00002100  094fbc23   00001001010011111011110000100011   sd   x20, 152(t6)
00002104  0b5fb023   00001011010111111011000000100011   sd   x21, 160(t6)
00002108  0b6fb423   00001011011011111011010000100011   sd   x22, 168(t6)
0000210c  0b7fb823   00001011011111111011100000100011   sd   x23, 176(t6)
00002110  0b8fbc23   00001011100011111011110000100011   sd   x24, 184(t6)
00002114  0d9fb023   00001101100111111011000000100011   sd   x25, 192(t6)
00002118  0dafb423   00001101101011111011010000100011   sd   x26, 200(t6)
0000211c  0dbfb823   00001101101111111011100000100011   sd   x27, 208(t6)
00002120  0dcfbc23   00001101110011111011110000100011   sd   x28, 216(t6)
00002124  0fdfb023   00001111110111111011000000100011   sd   x29, 224(t6)
00002128  0fefb423   00001111111011111011010000100011   sd   x30, 232(t6)
0000212c  340022f3   00110100000000000010001011110011   csrr t0, mscratch
00002130  0e5fb823   00001110010111111011100000100011   sd   t0, 240(t6)              # the task's own t6 (x31)
00002134  341022f3   00110100000100000010001011110011   csrr t0, mepc
00002138  0e5fbc23   00001110010111111011110000100011   sd   t0, TCB_PC(t6)           # where the task was interrupted
0000213c  100002b7   00010000000000000000001010110111   li   t0, DEVICES
00002140  0602b303   00000110000000101011001100000011   ld   t1, MTIMECMP(t0)
00002144  25830313   00100101100000110000001100010011   addi t1, t1, QUANTUM
00002148  0662b023   00000110011000101011000000100011   sd   t1, MTIMECMP(t0)
0000214c  00000297   00000000000000000000001010010111   la   t0, tcb0
00002150  23428293   00100011010000101000001010010011     (expansion)
00002154  1002b303   00010000000000101011001100000011   ld   t1, TCB_DONE(t0)
00002158  00000297   00000000000000000000001010010111   la   t0, tcb1
0000215c  33828293   00110011100000101000001010010011     (expansion)
00002160  1002b383   00010000000000101011001110000011   ld   t2, TCB_DONE(t0)
00002164  00737333   00000000011100110111001100110011   and  t1, t1, t2
00002168  00000297   00000000000000000000001010010111   la   t0, tcb2
0000216c  43828293   01000011100000101000001010010011     (expansion)
00002170  1002b383   00010000000000101011001110000011   ld   t2, TCB_DONE(t0)
00002174  00737333   00000000011100110111001100110011   and  t1, t1, t2
00002178  0a031663   00001010000000110001011001100011   bnez t1, all_done
0000217c  108fbf83   00010000100011111011111110000011   ld   t6, TCB_NEXT(t6)
00002180  100fb303   00010000000011111011001100000011   ld   t1, TCB_DONE(t6)
00002184  00030a63   00000000000000110000101001100011   beqz t1, restore
00002188  108fbf83   00010000100011111011111110000011   ld   t6, TCB_NEXT(t6)
0000218c  100fb303   00010000000011111011001100000011   ld   t1, TCB_DONE(t6)
00002190  00030463   00000000000000110000010001100011   beqz t1, restore
00002194  108fbf83   00010000100011111011111110000011   ld   t6, TCB_NEXT(t6)
00002198  340f9073   00110100000011111001000001110011   csrw mscratch, t6
0000219c  0f8fb283   00001111100011111011001010000011   ld   t0, TCB_PC(t6)
000021a0  34129073   00110100000100101001000001110011   csrw mepc, t0
000021a4  000fb083   00000000000011111011000010000011   ld   x1, 0(t6)
000021a8  008fb103   00000000100011111011000100000011   ld   x2, 8(t6)
000021ac  010fb183   00000001000011111011000110000011   ld   x3, 16(t6)
000021b0  018fb203   00000001100011111011001000000011   ld   x4, 24(t6)
000021b4  020fb283   00000010000011111011001010000011   ld   x5, 32(t6)
000021b8  028fb303   00000010100011111011001100000011   ld   x6, 40(t6)
000021bc  030fb383   00000011000011111011001110000011   ld   x7, 48(t6)
000021c0  038fb403   00000011100011111011010000000011   ld   x8, 56(t6)
000021c4  040fb483   00000100000011111011010010000011   ld   x9, 64(t6)
000021c8  048fb503   00000100100011111011010100000011   ld   x10, 72(t6)
000021cc  050fb583   00000101000011111011010110000011   ld   x11, 80(t6)
000021d0  058fb603   00000101100011111011011000000011   ld   x12, 88(t6)
000021d4  060fb683   00000110000011111011011010000011   ld   x13, 96(t6)
000021d8  068fb703   00000110100011111011011100000011   ld   x14, 104(t6)
000021dc  070fb783   00000111000011111011011110000011   ld   x15, 112(t6)
000021e0  078fb803   00000111100011111011100000000011   ld   x16, 120(t6)
000021e4  080fb883   00001000000011111011100010000011   ld   x17, 128(t6)
000021e8  088fb903   00001000100011111011100100000011   ld   x18, 136(t6)
000021ec  090fb983   00001001000011111011100110000011   ld   x19, 144(t6)
000021f0  098fba03   00001001100011111011101000000011   ld   x20, 152(t6)
000021f4  0a0fba83   00001010000011111011101010000011   ld   x21, 160(t6)
000021f8  0a8fbb03   00001010100011111011101100000011   ld   x22, 168(t6)
000021fc  0b0fbb83   00001011000011111011101110000011   ld   x23, 176(t6)
00002200  0b8fbc03   00001011100011111011110000000011   ld   x24, 184(t6)
00002204  0c0fbc83   00001100000011111011110010000011   ld   x25, 192(t6)
00002208  0c8fbd03   00001100100011111011110100000011   ld   x26, 200(t6)
0000220c  0d0fbd83   00001101000011111011110110000011   ld   x27, 208(t6)
00002210  0d8fbe03   00001101100011111011111000000011   ld   x28, 216(t6)
00002214  0e0fbe83   00001110000011111011111010000011   ld   x29, 224(t6)
00002218  0e8fbf03   00001110100011111011111100000011   ld   x30, 232(t6)
0000221c  0f0fbf83   00001111000011111011111110000011   ld   x31, 240(t6)             # last: t6 itself
00002220  30200073   00110000001000000000000001110011   mret                          # into the task, interrupts on again (MIE = MPIE)
00002224  00000297   00000000000000000000001010010111   la   t0, results
00002228  14428293   00010100010000101000001010010011     (expansion)
0000222c  0002b503   00000000000000101011010100000011   ld   a0, 0(t0)
00002230  0082b583   00000000100000101011010110000011   ld   a1, 8(t0)
00002234  0102b603   00000001000000101011011000000011   ld   a2, 16(t0)
00002238  c09026f3   11000000100100000010011011110011   csrr a3, hpmcounter9
0000223c  51e0d073   01010001111000001101000001110011   halt
00002240  0000006f   00000000000000000000000001101111     (expansion)
00002244  00b53023   00000000101101010011000000100011   sd   a1, 0(a0)
00002248  00100293   00000000000100000000001010010011   li   t0, 1
0000224c  10563023   00010000010101100011000000100011   sd   t0, TCB_DONE(a2)
00002250  10500073   00010000010100000000000001110011   wfi
00002254  ffdff06f   11111111110111111111000001101111   j    sleep                    # until the kernel switches away (and never back)
00002258  00000413   00000000000000000000010000010011   li   s0, 0
0000225c  00200493   00000000001000000000010010010011   li   s1, 2
00002260  00200913   00000000001000000000100100010011   li   s2, 2
00002264  032902b3   00000011001010010000001010110011   mul  t0, s2, s2
00002268  0054ca63   00000000010101001100101001100011   bgt  t0, s1, t0_prime
0000226c  0324f2b3   00000011001001001111001010110011   remu t0, s1, s2
00002270  00028863   00000000000000101000100001100011   beqz t0, t0_composite
00002274  00190913   00000000000110010000100100010011   addi s2, s2, 1
00002278  fedff06f   11111110110111111111000001101111   j    t0_try
0000227c  00140413   00000000000101000000010000010011   addi s0, s0, 1
00002280  00148493   00000000000101001000010010010011   addi s1, s1, 1
00002284  1f400293   00011111010000000000001010010011   li   t0, 500
00002288  fc54cce3   11111100010101001100110011100011   blt  s1, t0, t0_next
0000228c  00000517   00000000000000000000010100010111   la   a0, results
00002290  0dc50513   00001101110001010000010100010011     (expansion)
00002294  00040593   00000000000001000000010110010011   mv   a1, s0
00002298  00000617   00000000000000000000011000010111   la   a2, tcb0
0000229c  0e860613   00001110100001100000011000010011     (expansion)
000022a0  fa5ff06f   11111010010111111111000001101111   j    task_done
000022a4  00000413   00000000000000000000010000010011   li   s0, 0
000022a8  00100493   00000000000100000000010010010011   li   s1, 1
000022ac  00048513   00000000000001001000010100010011   mv   a0, s1
000022b0  02c000ef   00000010110000000000000011101111   call square
000022b4  00a40433   00000000101001000000010000110011   add  s0, s0, a0
000022b8  00148493   00000000000101001000010010010011   addi s1, s1, 1
000022bc  19000293   00011001000000000000001010010011   li   t0, 400
000022c0  fe92d6e3   11111110100100101101011011100011   ble  s1, t0, t1_loop
000022c4  00000517   00000000000000000000010100010111   la   a0, results + 8
000022c8  0ac50513   00001010110001010000010100010011     (expansion)
000022cc  00040593   00000000000001000000010110010011   mv   a1, s0
000022d0  00000617   00000000000000000000011000010111   la   a2, tcb1
000022d4  1c060613   00011100000001100000011000010011     (expansion)
000022d8  f6dff06f   11110110110111111111000001101111   j    task_done
000022dc  02a50533   00000010101001010000010100110011   mul  a0, a0, a0
000022e0  00008067   00000000000000001000000001100111   ret
000022e4  10000437   00010000000000000000010000110111   li   s0, DEVICES
000022e8  00000493   00000000000000000000010010010011   li   s1, 0
000022ec  00000317   00000000000000000000001100010111   la   t1, message
000022f0  05c30313   00000101110000110000001100010011     (expansion)
000022f4  00034383   00000000000000110100001110000011   lbu  t2, 0(t1)
000022f8  00038863   00000000000000111000100001100011   beqz t2, t2_end
000022fc  00740023   00000000011101000000000000100011   sb   t2, 0(s0)
00002300  00130313   00000000000100110000001100010011   addi t1, t1, 1
00002304  ff1ff06f   11111111000111111111000001101111   j    t2_char
00002308  03148393   00000011000101001000001110010011   addi t2, s1, '1'
0000230c  00740023   00000000011101000000000000100011   sb   t2, 0(s0)                # the line number
00002310  00a00393   00000000101000000000001110010011   li   t2, 10
00002314  00740023   00000000011101000000000000100011   sb   t2, 0(s0)
00002318  00148493   00000000000101001000010010010011   addi s1, s1, 1
0000231c  12c00e13   00010010110000000000111000010011   li   t3, 300                  # a delay loop: the other tasks run meanwhile
00002320  fffe0e13   11111111111111100000111000010011   addi t3, t3, -1
00002324  fe0e1ee3   11111110000011100001111011100011   bnez t3, t2_delay
00002328  00400293   00000000010000000000001010010011   li   t0, 4
0000232c  fc54c0e3   11111100010101001100000011100011   blt  s1, t0, t2_line
00002330  00000517   00000000000000000000010100010111   la   a0, results + 16
00002334  04850513   00000100100001010000010100010011     (expansion)
00002338  00048593   00000000000001001000010110010011   mv   a1, s1
0000233c  00000617   00000000000000000000011000010111   la   a2, tcb2
00002340  26460613   00100110010001100000011000010011     (expansion)
00002344  f01ff06f   11110000000111111111000001101111   j    task_done
00002348  [25 data bytes] 74 61 73 6b 20 32 20 73 ...     .string "task 2 says hello, line "
00002361  [7 data bytes] 00 00 00 00 00 00 00            .align 3
00002368  [24 data bytes] 00 00 00 00 00 00 00 00 ...     .zero 24
00002380  [272 data bytes] 00 00 00 00 00 00 00 00 ...     .zero 272
00002490  [272 data bytes] 00 00 00 00 00 00 00 00 ...     .zero 272
000025a0  [272 data bytes] 00 00 00 00 00 00 00 00 ...     .zero 272
