###############################################################
#  Generated by:      Cadence Innovus 22.11-s119_1
#  OS:                Linux x86_64(Host ID eda-3.EECS.Berkeley.EDU)
#  Generated on:      Wed May  6 23:43:28 2026
#  Design:            riscv_top
#  Command:           opt_design -post_route -setup -hold -expanded_views -timing_debug_report
###############################################################

------------------------------------------------------------------
     opt_design Final SI Timing Summary
------------------------------------------------------------------

+--------------------+---------+---------+---------+
|     Setup mode     |   all   | reg2reg | default |
+--------------------+---------+---------+---------+
|           WNS (ns):|  0.163  |  0.163  | 13.924  |
|           TNS (ns):|  0.000  |  0.000  |  0.000  |
|    Violating Paths:|    0    |    0    |    0    |
|          All Paths:|  2242   |  2232   |  2241   |
+--------------------+---------+---------+---------+
|ss_100C_1v60.setup_view
|                    |  0.163  |  0.163  | 13.924  |
|                    |  0.000  |  0.000  |  0.000  |
|                    |    0    |    0    |    0    |
|                    |  2242   |  2232   |  2241   |
+--------------------+---------+---------+---------+

+----------------+-------------------------------+------------------+
|                |              Real             |       Total      |
|    DRVs        +------------------+------------+------------------|
|                |  Nr nets(terms)  | Worst Vio  |  Nr nets(terms)  |
+----------------+------------------+------------+------------------+
|   max_cap      |    219 (219)     |   -0.132   |    219 (219)     |
|   max_tran     |    546 (600)     |   -2.556   |    565 (619)     |
|   max_fanout   |      0 (0)       |     0      |      0 (0)       |
|   max_length   |      0 (0)       |     0      |      0 (0)       |
+----------------+------------------+------------+------------------+

Density: 2.765%
       (98.484% with Fillers)
------------------------------------------------------------------
